---
source: crates/rolldown_testing/src/integration_test.rs
---
# Assets

## main.js

```js
import nodeAssert from "node:assert";

// HIDDEN [rolldown:runtime]
//#region dep.js
function foo() {
	globalThis.value = 1;
}
var dep_default;
var init_dep = __esm({ "dep.js": (() => {
	dep_default = /* @__PURE__ */ foo();
}) });

//#endregion
//#region main.js
var init_main = __esm({ "main.js": (() => {
	init_dep();
	nodeAssert.strictEqual(globalThis.value, 1);
}) });

//#endregion
init_main();
export { dep_default as dep };
```
---

Variant: [on_demand_wrapping: true]

# Assets

## main.js

```js
import nodeAssert from "node:assert";

// HIDDEN [rolldown:runtime]
function foo() {
	globalThis.value = 1;
}

var dep_default;
var init_main = __esm({"main.js": () => {
//#region dep.js
	dep_default = /* @__PURE__ */ foo();

//#endregion
//#region main.js
	nodeAssert.strictEqual(globalThis.value, 1);

//#endregion
}});

init_main();
export { dep_default as dep };
```
