export default /*#__PURE__*/ JSON.parse("[{ \"a\": 1, \"b\": 2 }]\n")