---
source: crates/rolldown_testing/src/integration_test.rs
---
# Assets

## entry_js.js

```js


//#region foo.js
var foo_exports = {};
__export(foo_exports, {
	foo: () => foo,
	ns: () => foo_exports
});
const foo = 123;

//#endregion
export { foo, foo_exports as ns };
```
