---
source: crates/rolldown_testing/src/integration_test.rs
---
# Assets

## a.js

```js
import { require_shared } from "./shared.js";

//#region a.js
const { foo } = require_shared();
console.log(foo);

//#endregion
```
## b.js

```js
import { require_shared } from "./shared.js";

//#region b.js
const { foo } = require_shared();
console.log(foo);

//#endregion
```
## shared.js

```js


//#region shared.js
var require_shared = __commonJS({ "shared.js"(exports) {
	exports.foo = 123;
} });

//#endregion
export { require_shared };
```
