---
source: crates/rolldown_testing/src/integration_test.rs
---
# Assets

## main.mjs

```js


//#region react-dom.js
var require_react_dom = __commonJSMin((exports, module) => {
	module.exports = "react-dom";
});

//#endregion
export default require_react_dom();

```
