---
source: crates/rolldown_testing/src/integration_test.rs
---
# Assets

## entry.js

```js


//#region src/foo-require.js
var require_foo_require = __commonJS({ "src/foo-require.js"(exports, module) {
	module.exports = "foo";
} });

//#endregion
//#region src/index.js
var require_src_index = __commonJS({ "src/index.js"(exports, module) {
	module.exports = "index";
	console.log(require_src_index(), require_foo_require());
} });

//#endregion
export default require_src_index();

```
