---
source: crates/rolldown_testing/src/integration_test.rs
---
# Assets

## main.mjs

```js
import "assert";

```
