---
source: crates/rolldown/tests/common/case.rs
expression: content
input_file: crates/rolldown/tests/esbuild/packagejson/test_package_json_browser_with_main_node
---
# Assets

## entry.mjs

```js


//#region node_modules/demo-pkg/main.js
var require_main = __commonJSMin((exports, module) => {
	module.exports = function() {
		return 123;
	};
});

//#endregion
//#region src/entry.js
var import_main = __toESM(require_main());
console.log((0, import_main.default)());

//#endregion
```
