---
source: crates/rolldown_testing/src/integration_test.rs
---
# Assets

## main.mjs

```js


//#region foo.js
var foo_ns, missing;
var init_foo = __esmMin(() => {
	foo_ns = {};
	missing = void 0;
});

//#endregion
//#region main.js
init_foo();
init_foo(), __toCommonJS(foo_ns);

//#endregion
export { missing };
```
