---
source: crates/rolldown_testing/src/integration_test.rs
snapshot_kind: text
---
# Assets

## entry.js

```js


//#region foo.js
var require_foo = __commonJS({ "foo.js"(exports) {
	exports.__esModule = true;
	exports.bar = 123;
} });

//#endregion
//#region entry.js
var import_foo = __toESM(require_foo());
input.works = import_foo.default === void 0 && import_foo.bar === 123;

//#endregion
```
