---
source: crates/rolldown_testing/src/integration_test.rs
---
# Assets

## main.js

```js
//#region main.js
__toCommonJS(exports);
__export(exports, {
	foo: () => foo,
	bar: () => foo,
	["some exports"]: () => foo,
	fn: () => fn,
	A: () => A,
	abc: () => abc
});
const foo = 1;
function fn() {};
class A {};
const abc = 1;

//#endregion
```
