---
source: crates/rolldown_testing/src/integration_test.rs
---
# Assets

## entry.js

```js

//#region entry.ts
class KeepMe2 {
	static x = "x";
	static y = sideEffects();
	static z = "z";
}
class KeepMe3 {
	static x = "x";
	static y = "y";
	static z = "z";
}
new KeepMe3();

//#endregion
```
