---
source: crates/rolldown_testing/src/integration_test.rs
---
# Assets

## entry.js

```js
//#region foo.ts
const foo = 123;

//#endregion
//#region entry.ts
console.log(foo, foo, 234);

//#endregion
```
