---
source: crates/rolldown_testing/src/integration_test.rs
---
# Assets

## main.js

```js
//#region main.js
/**
* This is a JSDoc comment example.
* @param {string} name
* @default 'world'
*/
function hello(name) {
	return `Hello ${name}`;
}
/*! This is a legal comment with @license */
const foo = "bar";
/**
* @preserve This should be preserved
*/
const preserved = "value";

//#endregion
export { foo, hello, preserved };
```
