---
source: crates/rolldown_testing/src/integration_test.rs
---
# Assets

## ./entries/ClqcCbMH-ClqcCbMH3vP-ClqcCb-ClqcCbMH3vPeisL87rygy.js

```js

//#region shared.js
const value = "shared";

//#endregion
export { value };
```
