---
source: crates/rolldown_testing/src/integration_test.rs
---
# Assets

## entry.mjs

```js
import { default as assert } from "node:assert";

//#region node_modules/demo-pkg/b.js
var b_default = "b";

//#endregion
//#region src/entry.js
assert.equal(b_default, "b");

//#endregion
```
