---
source: crates/rolldown_testing/src/integration_test.rs
---
# Assets

## main.js

```js
import { default as assert } from "node:assert";

//#region x.txt
var x_default = "";

//#endregion
//#region main.js
assert.equal(x_default, "");

//#endregion
```
