---
source: crates/rolldown_testing/src/integration_test.rs
---
# Assets

## entry.cjs

```js
"use strict";
const require_main = require('./main.cjs');

Object.defineProperty(exports, 'default', {
  enumerable: true,
  get: function () {
    return require_main.main_default;
  }
});
exports.foo = require_main.foo
```
## entry2.cjs

```js
"use strict";
const require_main = require('./main.cjs');

Object.defineProperty(exports, 'default', {
  enumerable: true,
  get: function () {
    return require_main.main_default;
  }
});
exports.foo = require_main.foo
```
## main.cjs

```js
"use strict";

//#region main.js
const foo = "foo";
var main_default = "main";

//#endregion
Object.defineProperty(exports, 'foo', {
  enumerable: true,
  get: function () {
    return foo;
  }
});Object.defineProperty(exports, 'main_default', {
  enumerable: true,
  get: function () {
    return main_default;
  }
});
```
