---
source: crates/rolldown_testing/src/integration_test.rs
snapshot_kind: text
---
# Assets

## entry.js

```js

//#region foo.js
var foo_default = { bar: 123 };

//#endregion
//#region entry.js
input.works = foo_default.bar === 123;

//#endregion
```
---

Variant: (format: Cjs)

# Assets

## entry.js

```js
"use strict";

//#region foo.js
var foo_default = { bar: 123 };

//#endregion
//#region entry.js
input.works = foo_default.bar === 123;

//#endregion
```
---

Variant: (format: Iife)

# Assets

## entry.js

```js
(function() {

"use strict";

//#region foo.js
var foo_default = { bar: 123 };

//#endregion
//#region entry.js
input.works = foo_default.bar === 123;

//#endregion
})();
```
---

Variant: (format: Umd)

# Assets

## entry.js

```js
(function(factory) {
  
  typeof define === 'function' && define.amd ? define([], factory) :
  factory();
})(function() {
"use strict";

//#region foo.js
var foo_default = { bar: 123 };

//#endregion
//#region entry.js
input.works = foo_default.bar === 123;

//#endregion
});
```
