---
source: crates/rolldown_testing/src/integration_test.rs
---
# Assets

## entry.js

```js
import { default as assert } from "node:assert";


//#region cjs.js
var require_cjs = __commonJS({ "cjs.js"(exports) {
	exports.foo = process;
} });

//#endregion
//#region entry.js
assert.deepEqual(require_cjs(), { foo: process });

//#endregion
```
