---
source: crates/rolldown_testing/src/integration_test.rs
---
# Assets

## main.js

```js
import assert from "node:assert";


//#region lib.js
var require_lib = __commonJS({ "lib.js"(exports, module) {
	const lib_hot = __rolldown_runtime__.createModuleHotContext("lib.js");
	__rolldown_runtime__.registerModule("lib.js", module);
	exports.a = 1;
} });

//#endregion
//#region main.js
var main_exports = {};
const main_hot = __rolldown_runtime__.createModuleHotContext("main.js");
__rolldown_runtime__.__toCommonJS(main_exports);
__rolldown_runtime__.registerModule("main.js", { exports: main_exports });
var import_lib = __toESM(require_lib());
assert.strictEqual(import_lib.a, 1);

//#endregion
```
