---
source: crates/rolldown_testing/src/integration_test.rs
---
# Assets

## entry_js.js

```js
import { default as assert } from "node:assert";

//#region entry.js
class Foo {
	bar = this.#foo;
	get #foo() {
		return 123;
	}
}
assert(new Foo().bar === 123);

//#endregion
```
