---
source: crates/rolldown/tests/common/case.rs
expression: content
input_file: crates/rolldown/tests/fixtures/misc/duplicate_entries
---
# Assets

## main.mjs

```js
import { main_default } from "./main~1.mjs";

export { main_default as default };
```
## main2.mjs

```js
import { main_default } from "./main~1.mjs";

export { main_default as default };
```
## main~1.mjs

```js
// main.js
var main_default = {};

export { main_default };
```
