---
source: crates/rolldown_testing/src/case/case.rs
expression: content
input_file: crates/rolldown/tests/esbuild/dce/tree_shaking_react_elements
---
# warnings

## UNRESOLVED_IMPORT

```text
[UNRESOLVED_IMPORT] Warning: "react/jsx-runtime" is imported by "entry.jsx", but could not be resolved â€“ treating it as an external dependency.

```
# Assets

## entry_jsx.mjs

```js
import { Fragment as _Fragment, jsx as _jsx } from "react/jsx-runtime";

//#region entry.jsx
function Foo() {}
let a = _jsx('div', {});
let b = _jsx(Foo, {children: a});
let c = _jsx(_Fragment, {children: b});
let d = _jsx('div', {});
let e = _jsx(Foo, {children: d});
let f = _jsx(_Fragment, {children: e});
console.log(f);

//#endregion
```
