---
source: crates/rolldown/tests/common/case.rs
expression: content
input_file: crates/rolldown/tests/esbuild/bundler_ts/ts_side_effects_false_warning_type_declarations
---
# Assets

## entry_ts.mjs

```js

```
