---
source: crates/rolldown_testing/src/integration_test.rs
---
# Assets

## main.mjs

```js

//#region foo.js
const foo = 1;

//#endregion
//#region main.js
console.log(foo);

//#endregion
```
