---
source: crates/rolldown_testing/src/integration_test.rs
---
# Assets

## entry.js

```js
import "a";
import "b";
import "c";

```
