---
source: crates/rolldown_testing/src/integration_test.rs
---
# Assets

## entry.js

```js

//#region shouldUsePercent_1.txt
var shouldUsePercent_1_default = "data:text/plain;charset=utf-8,%0A%0A%0A";

//#endregion
//#region shouldUsePercent_2.txt
var shouldUsePercent_2_default = "data:text/plain;charset=utf-8,%0A%0A%0A%0A";

//#endregion
//#region shouldUseBase64_1.txt
var shouldUseBase64_1_default = "data:text/plain;base64,CgoKCgo=";

//#endregion
//#region shouldUseBase64_2.txt
var shouldUseBase64_2_default = "data:text/plain;base64,CgoKCgoK";

//#endregion
//#region entry.js
console.log(shouldUsePercent_1_default, shouldUsePercent_2_default, shouldUseBase64_1_default, shouldUseBase64_2_default);

//#endregion
```
