---
source: crates/rolldown_testing/src/integration_test.rs
---
# Assets

## main.js

```js

//#region foo.js
const devil = "devil";

//#endregion
export { devil as 'ğŸ˜ˆ' };
```
