---
source: crates/rolldown_testing/src/integration_test.rs
---
# Assets

## main.js

```js
// intro

//#region main.js
var main_default = "banner";

//#endregion
export { main_default as default };
```
