---
source: crates/rolldown/tests/common/case.rs
expression: content
input_file: crates/rolldown/tests/fixtures/reexport_star
---
# Assets

## a.mjs

```js
import { __export } from "./$runtime$.mjs";

// a.js
var a_ns = {};
__export(a_ns, {
	abc:() => abc
});
const abc = undefined;

export { a_ns };
```
## entry.mjs

```js
import { a_ns } from "./a.mjs";

export { a_ns as a };
```
## main.mjs

```js
import { a_ns } from "./a.mjs";

export { a_ns as a };
```
